Microchip MPLAB XC8 Compiler V2.46

Linker command line:

-W-3 \
  --edf=C:\Program Files\Microchip\xc8\v2.46\pic\dat\20240104201356_en.msgs \
  -cn -h+dist/default/production\SMART_MASTER.production.sym \
  --cmf=dist/default/production\SMART_MASTER.production.cmf -z -Q18F4620 \
  -oC:\Users\KIMOST~1\AppData\Local\Temp\xcAsi8k.\driver_tmp_3.o \
  --defsym=__MPLAB_BUILD=1 --fixupoverflow=error \
  -Mdist/default/production/SMART_MASTER.production.map \
  --md=C:\Users\KIMOST~1\AppData\Local\Temp\xcAsi8k.\driver_tmp_0.dat -E1 \
  -ver=XC8 Compiler --acfsm=1493 -ACODE=00h-0FFFFh -ACONST=00h-0FFFFh \
  -ASMALLCONST=01000h-010FFhx240 -AMEDIUMCONST=01000h-0FFFFh \
  -ACOMRAM=01h-07Fh -AABS1=00h-0F7Fh -ABIGRAM=01h-0F7Fh \
  -ARAM=080h-0FFh,0100h-01FFhx14,0F00h-0F7Fh -ABANK0=080h-0FFh \
  -ABANK1=0100h-01FFh -ABANK2=0200h-02FFh -ABANK3=0300h-03FFh \
  -ABANK4=0400h-04FFh -ABANK5=0500h-05FFh -ABANK6=0600h-06FFh \
  -ABANK7=0700h-07FFh -ABANK8=0800h-08FFh -ABANK9=0900h-09FFh \
  -ABANK10=0A00h-0AFFh -ABANK11=0B00h-0BFFh -ABANK12=0C00h-0CFFh \
  -ABANK13=0D00h-0DFFh -ABANK14=0E00h-0EFFh -ABANK15=0F00h-0F7Fh \
  -ASFR=0F80h-0FFFh -ABIGSFR=0F80h-0FFFh -ACONFIG=0300000h-030000Dh \
  -AIDLOC=0200000h-0200007h -AEEDATA=0F00000h-0F003FFh -peeprom_data=EEDATA \
  -preset_vec=00h,intcode=8h,intcodelo,powerup,init -pramtop=01000h \
  -psmallconst=SMALLCONST -pmediumconst=MEDIUMCONST -pconst=CONST \
  -AFARRAM=00h-00h \
  -prdata=COMRAM,nvrram=COMRAM,nvbit=COMRAM,rbss=COMRAM,rbit=COMRAM \
  -pfarbss=FARRAM,fardata=FARRAM,nvFARRAM=FARRAM \
  -pintsave_regs=BIGRAM,bigbss=BIGRAM,bigdata=BIGRAM -pbss=RAM \
  -pidata=CODE,irdata=CODE,ibigdata=CODE,ifardata=CODE -prparam=COMRAM \
  C:\Users\KIMOST~1\AppData\Local\Temp\xcAsi8k.\driver_tmp_9.o \
  dist/default/production\SMART_MASTER.production.o 

Object code version is 3.11

Machine type is 18F4620



                Name                               Link     Load   Length Selector   Space Scale
C:\Users\KIMOST~1\AppData\Local\Temp\xcAsi8k.\driver_tmp_9.o
                init                                  E        E        4        4       0
                reset_vec                             0        0        4        0       0
dist/default/production\SMART_MASTER.production.o
                intcode                               8        8        6        4       0
                temp                                 7C       7C        1        1       1
                smallconst                         1000     1000       92      800       0
                text103                            5132     5132        4     288A       0
                text102                            513A     513A        2     288A       0
                text101                            512E     512E        4     288A       0
                text100                            512A     512A        4     288A       0
                text99                             5138     5138        2     288A       0
                text98                             5126     5126        4     288A       0
                text97                             5122     5122        4     288A       0
                text96                             511E     511E        4     288A       0
                text95                             511A     511A        4     288A       0
                text94                             5136     5136        2     288A       0
                text93                             507C     507C       1A      849       0
                text92                             5062     5062       1A      849       0
                text91                             5048     5048       1A      849       0
                text90                             502E     502E       1A      849       0
                text89                             4F2C     4F2C       26      849       0
                text88                             4DE2     4DE2       38      849       0
                text87                             5104     5104        8      849       0
                text86                             4DAA     4DAA       38      849       0
                text85                             50FC     50FC        8      849       0
                text84                             50E2     50E2        E      849       0
                intcode_body                       197C     197C      3F6      849       0
                text82                             3A38     3A38       BE      849       0
                text81                             3570     3570       D8      849       0
                text80                             4D70     4D70       3A      849       0
                text79                             4F52     4F52       24      849       0
                text78                             4C32     4C32       44      849       0
                text77                             4F76     4F76       22      849       0
                text76                             42E0     42E0       88      849       0
                text75                             4EB8     4EB8       28      849       0
                text74                             4CF6     4CF6       40      849       0
                text73                             4CB6     4CB6       40      849       0
                text72                             4A64     4A64       60      849       0
                text71                             44EC     44EC       7E      849       0
                text70                             3F8E     3F8E       92      849       0
                text69                             50AE     50AE       18      849       0
                text68                             446E     446E       7E      849       0
                text67                             4FF4     4FF4       1E      849       0
                text66                             4E86     4E86       32      849       0
                text65                             3E4C     3E4C       A2      849       0
                text64                             3BAA     3BAA       B4      849       0
                text63                             2F32     2F32      12C      849       0
                text62                             47C2     47C2       76      849       0
                text61                             474C     474C       76      849       0
                text60                             4BEE     4BEE       44      849       0
                text59                             1D72     1D72      39A      849       0
                text58                             1552     1552      42A      849       0
                text57                             337E     337E      106      849       0
                text56                             210C     210C      1B4      849       0
                text55                             3276     3276      108      849       0
                text54                             50F0     50F0        C      849       0
                text53                             43EC     43EC       82      849       0
                text52                             4F06     4F06       26      849       0
                text51                             4254     4254       8C      849       0
                text50                             4B60     4B60       4A      849       0
                text49                             4BAA     4BAA       44      849       0
                text48                             3978     3978       C0      849       0
                text47                             4FD6     4FD6       1E      849       0
                text46                             1092     1092      4C0      849       0
                text45                             2454     2454      194      849       0
                text44                             2CD4     2CD4      130      849       0
                text43                             49FE     49FE       66      849       0
                text42                             3D04     3D04       A6      849       0
                text41                             4FB8     4FB8       1E      849       0
                text40                             22C0     22C0      194      849       0
                text39                             3C5E     3C5E       A6      849       0
                text38                             46D6     46D6       76      849       0
                text37                             5114     5114        6     288A       0
                text36                             2E04     2E04      12E      849       0
                text35                             3EEE     3EEE       A0      849       0
                text34                             4990     4990       6E      849       0
                text33                             4AC4     4AC4       50      849       0
                text32                             4E50     4E50       36      849       0
                text31                             40AE     40AE       8E      849       0
                text30                             4838     4838       74      849       0
                text29                             3DAA     3DAA       A2      849       0
                text28                             4F98     4F98       20      849       0
                text27                             38B2     38B2       C6      849       0
                text26                             456A     456A       7C      849       0
                text25                             4D36     4D36       3A      849       0
                text24                             465E     465E       78      849       0
                text23                             316E     316E      108      849       0
                text22                             491E     491E       72      849       0
                text21                             41C8     41C8       8C      849       0
                text20                             3AF6     3AF6       B4      849       0
                text19                             37E4     37E4       CE      849       0
                text18                             45E6     45E6       78      849       0
                text17                             4368     4368       84      849       0
                text16                             413C     413C       8C      849       0
                text15                             5096     5096       18      849       0
                text14                             3716     3716       CE      849       0
                text13                             50D4     50D4        E      849       0
                text12                             275A     275A      172      849       0
                text11                             3648     3648       CE      849       0
                text10                             50C6     50C6        E      849       0
                text9                              25E8     25E8      172      849       0
                text8                              4EE0     4EE0       26      849       0
                text7                              305E     305E      110      849       0
                text6                              48AC     48AC       72      849       0
                text5                              2B8C     2B8C      148      849       0
                text4                              4E1A     4E1A       36      849       0
                text3                              2A2E     2A2E      15E      849       0
                text2                              3484     3484       EC      849       0
                text1                              28CC     28CC      162      849       0
                text0                              4C76     4C76       40      849       0
                cstackCOMRAM                          1        1       69        1       1
                cstackBANK0                          FD       FD        3       80       1
                cstackBANK1                         15D      15D        3      100       1
                dataBANK1                           100      100       4C      100       1
                bssBANK1                            14C      14C       11      100       1
                dataBANK0                            E1       E1       1C       80       1
                bssBANK0                             80       80       61       80       1
                dataCOMRAM                           75       75        7        1       1
                bssCOMRAM                            6A       6A        B        1       1
                cinit                              4020     4020       8E      849       0
                idataBANK1                         4B14     4B14       4C      849       0
                idataBANK0                         5012     5012       1C      849       0
                idataCOMRAM                        510C     510C        7      849       0

TOTAL           Name                               Link     Load   Length     Space
        CLASS   CODE           
                intcode                               8        8        6         0
                init                                  E        E        4         0
                reset_vec                             0        0        4         0
                text103                            5132     5132        4         0
                text102                            513A     513A        2         0
                text101                            512E     512E        4         0
                text100                            512A     512A        4         0
                text99                             5138     5138        2         0
                text98                             5126     5126        4         0
                text97                             5122     5122        4         0
                text96                             511E     511E        4         0
                text95                             511A     511A        4         0
                text94                             5136     5136        2         0
                text93                             507C     507C       1A         0
                text92                             5062     5062       1A         0
                text91                             5048     5048       1A         0
                text90                             502E     502E       1A         0
                text89                             4F2C     4F2C       26         0
                text88                             4DE2     4DE2       38         0
                text87                             5104     5104        8         0
                text86                             4DAA     4DAA       38         0
                text85                             50FC     50FC        8         0
                text84                             50E2     50E2        E         0
                intcode_body                       197C     197C      3F6         0
                text82                             3A38     3A38       BE         0
                text81                             3570     3570       D8         0
                text80                             4D70     4D70       3A         0
                text79                             4F52     4F52       24         0
                text78                             4C32     4C32       44         0
                text77                             4F76     4F76       22         0
                text76                             42E0     42E0       88         0
                text75                             4EB8     4EB8       28         0
                text74                             4CF6     4CF6       40         0
                text73                             4CB6     4CB6       40         0
                text72                             4A64     4A64       60         0
                text71                             44EC     44EC       7E         0
                text70                             3F8E     3F8E       92         0
                text69                             50AE     50AE       18         0
                text68                             446E     446E       7E         0
                text67                             4FF4     4FF4       1E         0
                text66                             4E86     4E86       32         0
                text65                             3E4C     3E4C       A2         0
                text64                             3BAA     3BAA       B4         0
                text63                             2F32     2F32      12C         0
                text62                             47C2     47C2       76         0
                text61                             474C     474C       76         0
                text60                             4BEE     4BEE       44         0
                text59                             1D72     1D72      39A         0
                text58                             1552     1552      42A         0
                text57                             337E     337E      106         0
                text56                             210C     210C      1B4         0
                text55                             3276     3276      108         0
                text54                             50F0     50F0        C         0
                text53                             43EC     43EC       82         0
                text52                             4F06     4F06       26         0
                text51                             4254     4254       8C         0
                text50                             4B60     4B60       4A         0
                text49                             4BAA     4BAA       44         0
                text48                             3978     3978       C0         0
                text47                             4FD6     4FD6       1E         0
                text46                             1092     1092      4C0         0
                text45                             2454     2454      194         0
                text44                             2CD4     2CD4      130         0
                text43                             49FE     49FE       66         0
                text42                             3D04     3D04       A6         0
                text41                             4FB8     4FB8       1E         0
                text40                             22C0     22C0      194         0
                text39                             3C5E     3C5E       A6         0
                text38                             46D6     46D6       76         0
                text37                             5114     5114        6         0
                text36                             2E04     2E04      12E         0
                text35                             3EEE     3EEE       A0         0
                text34                             4990     4990       6E         0
                text33                             4AC4     4AC4       50         0
                text32                             4E50     4E50       36         0
                text31                             40AE     40AE       8E         0
                text30                             4838     4838       74         0
                text29                             3DAA     3DAA       A2         0
                text28                             4F98     4F98       20         0
                text27                             38B2     38B2       C6         0
                text26                             456A     456A       7C         0
                text25                             4D36     4D36       3A         0
                text24                             465E     465E       78         0
                text23                             316E     316E      108         0
                text22                             491E     491E       72         0
                text21                             41C8     41C8       8C         0
                text20                             3AF6     3AF6       B4         0
                text19                             37E4     37E4       CE         0
                text18                             45E6     45E6       78         0
                text17                             4368     4368       84         0
                text16                             413C     413C       8C         0
                text15                             5096     5096       18         0
                text14                             3716     3716       CE         0
                text13                             50D4     50D4        E         0
                text12                             275A     275A      172         0
                text11                             3648     3648       CE         0
                text10                             50C6     50C6        E         0
                text9                              25E8     25E8      172         0
                text8                              4EE0     4EE0       26         0
                text7                              305E     305E      110         0
                text6                              48AC     48AC       72         0
                text5                              2B8C     2B8C      148         0
                text4                              4E1A     4E1A       36         0
                text3                              2A2E     2A2E      15E         0
                text2                              3484     3484       EC         0
                text1                              28CC     28CC      162         0
                text0                              4C76     4C76       40         0
                cinit                              4020     4020       8E         0
                idataBANK1                         4B14     4B14       4C         0
                idataBANK0                         5012     5012       1C         0
                idataCOMRAM                        510C     510C        7         0

        CLASS   CONST          

        CLASS   SMALLCONST     
                smallconst                         1000     1000       92         0

        CLASS   MEDIUMCONST    

        CLASS   COMRAM         
                temp                                 7C       7C        1         1
                cstackCOMRAM                          1        1       69         1
                dataCOMRAM                           75       75        7         1
                bssCOMRAM                            6A       6A        B         1

        CLASS   ABS1           

        CLASS   BIGRAM         

        CLASS   RAM            

        CLASS   BANK0          
                cstackBANK0                          FD       FD        3         1
                dataBANK0                            E1       E1       1C         1
                bssBANK0                             80       80       61         1

        CLASS   BANK1          
                cstackBANK1                         15D      15D        3         1
                dataBANK1                           100      100       4C         1
                bssBANK1                            14C      14C       11         1

        CLASS   BANK2          

        CLASS   BANK3          

        CLASS   BANK4          

        CLASS   BANK5          

        CLASS   BANK6          

        CLASS   BANK7          

        CLASS   BANK8          

        CLASS   BANK9          

        CLASS   BANK10         

        CLASS   BANK11         

        CLASS   BANK12         

        CLASS   BANK13         

        CLASS   BANK14         

        CLASS   BANK15         

        CLASS   SFR            

        CLASS   BIGSFR         

        CLASS   CONFIG         

        CLASS   IDLOC          

        CLASS   EEDATA         

        CLASS   FARRAM         

        CLASS   HEAP           

        CLASS   STACK          



SEGMENTS        Name                           Load    Length   Top    Selector   Space  Class

                reset_vec                      000000  000004  000004         0       0  CODE    
                cstackCOMRAM                   000001  00007C  00007D         1       1  COMRAM  
                intcode                        000008  00000A  000012         4       0  CODE    
                bssBANK0                       000080  000080  000100        80       1  BANK0   
                dataBANK1                      000100  000060  000160       100       1  BANK1   
                smallconst                     001000  000092  001092       800       0  SMALLCON
                text46                         001092  004081  005113       849       0  CODE    
                text37                         005114  000028  00513C      288A       0  CODE    


UNUSED ADDRESS RANGES

        Name                Unused          Largest block    Delta
        BANK1            0160-01FF             A0
        BANK10           0A00-0AFF            100
        BANK11           0B00-0BFF            100
        BANK12           0C00-0CFF            100
        BANK13           0D00-0DFF            100
        BANK14           0E00-0EFF            100
        BANK15           0F00-0F7F             80
        BANK2            0200-02FF            100
        BANK3            0300-03FF            100
        BANK4            0400-04FF            100
        BANK5            0500-05FF            100
        BANK6            0600-06FF            100
        BANK7            0700-07FF            100
        BANK8            0800-08FF            100
        BANK9            0900-09FF            100
        BIGRAM           007D-007F              3
                         0160-0F7F            E20
        BIGSFR           0F80-0FFF             80
        CODE             0004-0007              4
                         0012-0FFF            FEE
                         5113-5113              1
                         513C-FFFF           AEC4
        COMRAM           007D-007F              3
        CONFIG           300000-30000D              E
        CONST            0004-0007              4
                         0012-0FFF            FEE
                         5113-5113              1
                         513C-FFFF           AEC4
        EEDATA           F00000-F003FF            400
        IDLOC            200000-200007              8
        MEDIUMCONST      5113-5113              1
                         513C-FFFF           AEC4
        RAM              0160-0F7F            100
        SFR              0F80-0FFF             80
        SMALLCONST       5113-5113              1
                         513C-FFFF            100

                                  Symbol Table

?___fladd                                            cstackCOMRAM 0044
?___fldiv                                            cstackCOMRAM 002B
?___flmul                                            cstackCOMRAM 0012
?___fltol                                            cstackCOMRAM 0054
?___wmul                                             cstackCOMRAM 0004
?___xxtofl                                           cstackCOMRAM 0004
?_atoi                                               cstackCOMRAM 000A
ADC_GetConversionResult@_adc                         cstackCOMRAM 0004
ADC_GetConversionResult@conversion_result            cstackCOMRAM 0006
ADC_GetConversionResult@ret                          cstackCOMRAM 000A
ADC_Init@_adc                                        cstackCOMRAM 0007
ADC_Init@ret                                         cstackCOMRAM 000A
ADC_SelectChannel@_adc                               cstackCOMRAM 0007
ADC_SelectChannel@channel                            cstackCOMRAM 0009
ADC_SelectChannel@ret                                cstackCOMRAM 000B
ADC_StartConversion@_adc                             cstackCOMRAM 0004
ADC_StartConversion@ret                              cstackCOMRAM 0006
ADC_StartConversion_Interrupt@_adc                   cstackCOMRAM 000C
ADC_StartConversion_Interrupt@channel                cstackCOMRAM 000E
ADC_StartConversion_Interrupt@ret                    cstackCOMRAM 000F
CCP1_CALL@ccp_obj                                    cstackBANK0  00FD
CCP1_Interrupt@ccp_obj                               cstackCOMRAM 0004
CCP1_PWM_Mode@ccp_obj                                cstackCOMRAM 005E
CCP1_PWM_Set_Duty@duty                               cstackCOMRAM 0064
CCP1_PWM_Set_Duty@duty_temp                          cstackCOMRAM 0065
CCP2_CALL@ccp_obj                                    cstackBANK0  00FD
CCP2_Interrupt@ccp_obj                               cstackCOMRAM 0004
CCP2_PWM_Mode@ccp_obj                                cstackCOMRAM 005E
CCP_Init@ccp_obj                                     cstackBANK1  015D
CCP_Init@ret                                         cstackBANK1  015F
EUSART_ASYNC_WriteString_NON_Blocking@chr_index      bssBANK0     0086
I2C_Real_Temperature_Read_TC74@Reg                   cstackCOMRAM 0009
I2C_Real_Temperature_Read_TC74@Slave_Address         cstackCOMRAM 0008
I2C_Real_Temperature_Read_TC74@_ack                  cstackCOMRAM 000B
I2C_Real_Temperature_Read_TC74@i2c_obj               cstackCOMRAM 0007
I2C_Real_Temperature_Read_TC74@ret_data              cstackCOMRAM 000A
I2C_Real_Time_Read_DS1307@Reg                        cstackCOMRAM 0009
I2C_Real_Time_Read_DS1307@Slave_Address              cstackCOMRAM 0008
I2C_Real_Time_Read_DS1307@_ack                       cstackCOMRAM 000B
I2C_Real_Time_Read_DS1307@i2c_obj                    cstackCOMRAM 0007
I2C_Real_Time_Read_DS1307@ret_data                   cstackCOMRAM 000A
MSSP_I2C_Init@i2c_obj                                cstackCOMRAM 0060
MSSP_I2C_Init@ret                                    cstackCOMRAM 0061
MSSP_I2C_Master_Read_Blocking@ack                    cstackCOMRAM 0005
MSSP_I2C_Master_Read_Blocking@i2c_data               cstackCOMRAM 0006
MSSP_I2C_Master_Read_Blocking@i2c_obj                cstackCOMRAM 0004
MSSP_I2C_Master_Send_Repeated_Start@i2c_obj          cstackCOMRAM 0004
MSSP_I2C_Master_Send_Start@i2c_obj                   cstackCOMRAM 0004
MSSP_I2C_Master_Send_Start@ret                       cstackCOMRAM 0005
MSSP_I2C_Master_Send_Stop@i2c_obj                    cstackCOMRAM 0004
MSSP_I2C_Master_Send_Stop@ret                        cstackCOMRAM 0005
MSSP_I2C_Master_Write_Blocking@ack                   cstackCOMRAM 0006
MSSP_I2C_Master_Write_Blocking@i2c_data              cstackCOMRAM 0005
MSSP_I2C_Master_Write_Blocking@i2c_obj               cstackCOMRAM 0004
MSSP_I2C_Master_call_slave@_ack                      cstackCOMRAM 000A
MSSP_I2C_Master_call_slave@address                   cstackCOMRAM 0008
MSSP_I2C_Master_call_slave@data                      cstackCOMRAM 0009
MSSP_I2C_Master_call_slave@i2c_obj                   cstackCOMRAM 0007
MSSP_I2C_SELECT_MODE@i2c_obj                         cstackCOMRAM 005E
RB4_ISR@RBx_source                                   cstackCOMRAM 0001
RB5_ISR@RBx_source                                   cstackCOMRAM 0001
RB6_ISR@RBx_source                                   cstackCOMRAM 0001
RB7_ISR@RBx_source                                   cstackCOMRAM 0001
Timer0_DefaultInterruptHandler_1000ms@overflow_count bssBANK0     0080
Timer0_Init@ret                                      cstackCOMRAM 0009
Timer0_Init@timer                                    cstackCOMRAM 0007
Timer0_mode_config@timer                             cstackCOMRAM 0004
Timer0_prescaler_config@timer                        cstackCOMRAM 0004
Timer0_size_config@timer                             cstackCOMRAM 0004
Timer1_Init@timer                                    cstackCOMRAM 0006
Timer2_DeInit@ret                                    cstackCOMRAM 0006
Timer2_DeInit@timer                                  cstackCOMRAM 0004
Timer2_Init@ret                                      cstackCOMRAM 0007
Timer2_Init@timer                                    cstackCOMRAM 0004
_ACK_Slave                                           bssCOMRAM    0073
_ADCON0bits                                          (abs)        0FC2
_ADCON1bits                                          (abs)        0FC1
_ADCON2bits                                          (abs)        0FC0
_ADC_GetConversionResult                             text82       3A38
_ADC_ISR                                             text103      5132
_ADC_Init                                            text48       3978
_ADC_InterruptHandler                                bssBANK0     00B8
_ADC_SelectChannel                                   text80       4D70
_ADC_StartConversion                                 text79       4F52
_ADC_StartConversion_Interrupt                       text78       4C32
_ADC_application                                     text77       4F76
_ADRESH                                              (abs)        0FC4
_ADRESL                                              (abs)        0FC3
_BAUDCONbits                                         (abs)        0FB8
_BUS_COLLISION_ISR                                   text102      513A
_CCP1CON                                             (abs)        0FBD
_CCP1CONbits                                         (abs)        0FBD
_CCP1_CALL                                           text42       3D04
_CCP1_ISR                                            text101      512E
_CCP1_Interrupt                                      text47       4FD6
_CCP1_InterruptHandler                               bssBANK0     00B6
_CCP1_PWM_Mode                                       text45       2454
_CCP1_PWM_Mode$5912                                  cstackCOMRAM 0061
_CCP1_PWM_Mode$5913                                  cstackCOMRAM 0065
_CCP1_PWM_Set_Duty                                   text55       3276
_CCP1_PWM_Set_Duty$5874                              cstackCOMRAM 0060
_CCP1_PWM_Start                                      text54       50F0
_CCP2CONbits                                         (abs)        0FBA
_CCP2_CALL                                           text39       3C5E
_CCP2_ISR                                            text100      512A
_CCP2_Interrupt                                      text41       4FB8
_CCP2_InterruptHandler                               bssBANK0     00B4
_CCP2_PWM_Mode                                       text40       22C0
_CCP2_PWM_Mode$5914                                  cstackCOMRAM 0061
_CCP2_PWM_Mode$5915                                  cstackCOMRAM 0065
_CCPR1L                                              (abs)        0FBE
_CCPR2L                                              (abs)        0FBB
_CCP_Init                                            text38       46D6
_DS1307_ACK_read_value_0x00                          bssBANK0     00D8
_DS1307_ACK_read_value_0x01                          bssBANK0     00D7
_DS1307_ACK_read_value_0x02                          bssBANK0     00D6
_DS1307_ACK_read_value_0x04                          bssBANK0     00D5
_DS1307_ACK_read_value_0x05                          bssBANK0     00D4
_DS1307_ACK_read_value_0x06                          bssBANK0     00D3
_DS1307_read_value_0x00                              bssBANK0     00DE
_DS1307_read_value_0x01                              bssBANK0     00DD
_DS1307_read_value_0x02                              bssBANK0     00DC
_DS1307_read_value_0x04                              bssBANK0     00DB
_DS1307_read_value_0x05                              bssBANK0     00DA
_DS1307_read_value_0x06                              bssBANK0     00D9
_Delay_1000ms                                        text15       5096
_Delay_100ms                                         text69       50AE
_EEADR                                               (abs)        0FA9
_EEADRH                                              (abs)        0FAA
_EECON1bits                                          (abs)        0FA6
_EECON2                                              (abs)        0FA7
_EEDATA                                              (abs)        0FA8
_EUSART_FramingErrorHandler                          bssBANK0     008A
_EUSART_OverrunErrorHandler                          bssBANK0     0088
_EUSART_RX_ISR                                       text99       5138
_EUSART_RxInterruptHandler                           bssBANK0     008C
_EUSART_TX_ISR                                       text98       5126
_EUSART_TxInterruptHandler                           bssBANK0     008E
_I2C_DS1307_read                                     text70       3F8E
_I2C_Real_Temperature_Read_TC74                      text68       446E
_I2C_Real_Time_Read_DS1307                           text71       44EC
_I2C_TC74_read                                       text67       4FF4
_I2C_transfer_data                                   text65       3E4C
_INT0_ISR                                            text97       5122
_INT0_InterruptHandler                               bssBANK0     00B2
_INT1_ISR                                            text96       511E
_INT1_InterruptHandler                               bssBANK0     00B0
_INT2_ISR                                            text95       511A
_INT2_InterruptHandler                               bssBANK0     00AE
_INTCON2bits                                         (abs)        0FF1
_INTCON3bits                                         (abs)        0FF0
_INTCONbits                                          (abs)        0FF2
_InterruptManger                                     intcode      0008
_LATA                                                (abs)        0F89
_LATB                                                (abs)        0F8A
_LATC                                                (abs)        0F8B
_LATD                                                (abs)        0F8C
_LATE                                                (abs)        0F8D
_MSSP_I2C_GPIO_CFG                                   text37       5114
_MSSP_I2C_Init                                       text35       3EEE
_MSSP_I2C_Master_Read_Blocking                       text76       42E0
_MSSP_I2C_Master_Send_Repeated_Start                 text75       4EB8
_MSSP_I2C_Master_Send_Start                          text74       4CF6
_MSSP_I2C_Master_Send_Stop                           text73       4CB6
_MSSP_I2C_Master_Write_Blocking                      text72       4A64
_MSSP_I2C_Master_call_slave                          text66       4E86
_MSSP_I2C_SELECT_MODE                                text36       2E04
_MSSP_ISR                                            text94       5136
_PASSWORD                                            smallconst   1011
_PIE1bits                                            (abs)        0F9D
_PIE2bits                                            (abs)        0FA0
_PIR                                                 dataCOMRAM   0079
_PIR1bits                                            (abs)        0F9E
_PIR2bits                                            (abs)        0FA1
_PIR_led                                             dataCOMRAM   007B
_PIR_read                                            bssCOMRAM    0074
_PIR_sensor_s                                        text60       4BEE
_PORTA                                               (abs)        0F80
_PORTB                                               (abs)        0F81
_PORTBbits                                           (abs)        0F81
_PORTC                                               (abs)        0F82
_PORTD                                               (abs)        0F83
_PORTE                                               (abs)        0F84
_PR2                                                 (abs)        0FCB
_PWM_LDR                                             bssBANK0     00C0
_PWM_LED                                             dataBANK1    011E
_PWM_LED_OUT                                         text53       43EC
_RB4_Flag                                            dataCOMRAM   0078
_RB4_ISR                                             text93       507C
_RB4_InterruptHandler_HIGH                           bssBANK0     00AC
_RB4_InterruptHandler_LOW                            bssBANK0     00A4
_RB5_Flag                                            dataCOMRAM   0077
_RB5_ISR                                             text92       5062
_RB5_InterruptHandler_HIGH                           bssBANK0     00AA
_RB5_InterruptHandler_LOW                            bssBANK0     00A2
_RB6_Flag                                            dataCOMRAM   0076
_RB6_ISR                                             text91       5048
_RB6_InterruptHandler_HIGH                           bssBANK0     00A8
_RB6_InterruptHandler_LOW                            bssBANK0     00A0
_RB7_Flag                                            dataCOMRAM   0075
_RB7_ISR                                             text90       502E
_RB7_InterruptHandler_HIGH                           bssBANK0     00A6
_RB7_InterruptHandler_LOW                            bssBANK0     009E
_RCREG                                               (abs)        0FAE
_RCSTAbits                                           (abs)        0FAB
_SPBRG                                               (abs)        0FAF
_SPBRGH                                              (abs)        0FB0
_SSPADD                                              (abs)        0FC8
_SSPBUF                                              (abs)        0FC9
_SSPCON1bits                                         (abs)        0FC6
_SSPCON2bits                                         (abs)        0FC5
_SSPSTATbits                                         (abs)        0FC7
_T0CONbits                                           (abs)        0FD5
_T1CONbits                                           (abs)        0FCD
_T2CON                                               (abs)        0FCA
_T2CONbits                                           (abs)        0FCA
_T3CONbits                                           (abs)        0FB1
_TC74_ACK_read_value                                 bssBANK0     00DF
_TC74_read_value                                     bssBANK0     00E0
_TIMER3_INTERRUPT_HANDLER                            bssBANK0     0092
_TMR0H                                               (abs)        0FD7
_TMR0L                                               (abs)        0FD6
_TMR0_ISR                                            text88       4DE2
_TMR0_InterruptHandler                               bssBANK0     009C
_TMR1H                                               (abs)        0FCF
_TMR1L                                               (abs)        0FCE
_TMR1_ISR                                            text86       4DAA
_TMR1_InterruptHandler                               bssBANK0     0096
_TMR2                                                (abs)        0FCC
_TMR2_ISR                                            text85       50FC
_TMR2_InterruptHandler                               bssBANK0     0094
_TMR3H                                               (abs)        0FB3
_TMR3L                                               (abs)        0FB2
_TMR3_ISR                                            text84       50E2
_TRISA                                               (abs)        0F92
_TRISB                                               (abs)        0F93
_TRISC                                               (abs)        0F94
_TRISC2                                              (abs)        7CA2
_TRISCbits                                           (abs)        0F94
_TRISD                                               (abs)        0F95
_TRISE                                               (abs)        0F96
_TXREG                                               (abs)        0FAD
_TXSTAbits                                           (abs)        0FAC
_Timer0_DefaultInterruptHandler_1000ms               text89       4F2C
_Timer0_Init                                         text31       40AE
_Timer0_mode_config                                  text34       4990
_Timer0_prescaler_config                             text33       4AC4
_Timer0_size_config                                  text32       4E50
_Timer1_DefaultInterruptHandler_100ms                text87       5104
_Timer1_Init                                         text29       3DAA
_Timer2_DeInit                                       text52       4F06
_Timer2_Init                                         text51       4254
__HRAM                                               (abs)        0000
__H__absolute__                                      __absolute__ 0000
__Habs1                                              abs1         0000
__Hbank0                                             bank0        0000
__Hbank1                                             bank1        0000
__Hbank10                                            bank10       0000
__Hbank11                                            bank11       0000
__Hbank12                                            bank12       0000
__Hbank13                                            bank13       0000
__Hbank14                                            bank14       0000
__Hbank15                                            bank15       0000
__Hbank2                                             bank2        0000
__Hbank3                                             bank3        0000
__Hbank4                                             bank4        0000
__Hbank5                                             bank5        0000
__Hbank6                                             bank6        0000
__Hbank7                                             bank7        0000
__Hbank8                                             bank8        0000
__Hbank9                                             bank9        0000
__Hbigbss                                            bigbss       0000
__Hbigdata                                           bigdata      0000
__Hbigram                                            bigram       0000
__Hbigsfr                                            bigsfr       0000
__Hbss                                               bss          0000
__HbssBANK0                                          bssBANK0     0000
__HbssBANK1                                          bssBANK1     0000
__HbssCOMRAM                                         bssCOMRAM    0000
__Hcinit                                             cinit        0000
__Hclrtext                                           clrtext      0000
__Hcomram                                            comram       0000
__Hconfig                                            config       0000
__Hconst                                             const        0000
__HcstackBANK0                                       cstackBANK0  0000
__HcstackBANK1                                       cstackBANK1  0000
__HcstackCOMRAM                                      cstackCOMRAM 0000
__Hdata                                              data         0000
__HdataBANK0                                         dataBANK0    0000
__HdataBANK1                                         dataBANK1    0000
__HdataCOMRAM                                        dataCOMRAM   0000
__Heeprom_data                                       eeprom_data  0000
__Hfarbss                                            farbss       0000
__Hfardata                                           fardata      0000
__Hheap                                              heap         0000
__Hibigdata                                          ibigdata     0000
__Hidata                                             idata        0000
__HidataBANK0                                        idataBANK0   0000
__HidataBANK1                                        idataBANK1   0000
__HidataCOMRAM                                       idataCOMRAM  0000
__Hidloc                                             idloc        0000
__Hifardata                                          ifardata     0000
__Hinit                                              init         0012
__Hintcode                                           intcode      000E
__Hintcode_body                                      intcode_body 0000
__Hintcodelo                                         intcodelo    000E
__Hintentry                                          intentry     0000
__Hintret                                            intret       0000
__Hintsave_regs                                      intsave_regs 0000
__Hirdata                                            irdata       0000
__Hmediumconst                                       mediumconst  0000
__HnvFARRAM                                          nvFARRAM     0000
__Hnvbit                                             nvbit        0000
__Hnvrram                                            nvrram       0000
__Hparam                                             rparam       0000
__Hpowerup                                           powerup      000E
__Hram                                               ram          0000
__Hramtop                                            ramtop       1000
__Hrbit                                              rbit         0000
__Hrbss                                              rbss         0000
__Hrdata                                             rdata        0000
__Hreset_vec                                         reset_vec    0004
__Hrparam                                            rparam       0000
__Hsfr                                               sfr          0000
__Hsivt_hi                                           sivt_hi      0000
__Hsivt_lo                                           sivt_lo      0000
__Hsmallconst                                        smallconst   1092
__Hspace_0                                           (abs)        513C
__Hspace_1                                           (abs)        0160
__Hspace_2                                           (abs)        0000
__Hspace_4                                           (abs)        0000
__Hstack                                             stack        0000
__Hstruct                                            struct       0000
__Htemp                                              temp         007D
__Htext                                              text         0000
__Htext0                                             text0        0000
__Htext1                                             text1        0000
__Htext10                                            text10       0000
__Htext100                                           text100      0000
__Htext101                                           text101      0000
__Htext102                                           text102      0000
__Htext103                                           text103      0000
__Htext11                                            text11       0000
__Htext12                                            text12       0000
__Htext13                                            text13       0000
__Htext14                                            text14       0000
__Htext15                                            text15       0000
__Htext16                                            text16       0000
__Htext17                                            text17       0000
__Htext18                                            text18       0000
__Htext19                                            text19       0000
__Htext2                                             text2        0000
__Htext20                                            text20       0000
__Htext21                                            text21       0000
__Htext22                                            text22       0000
__Htext23                                            text23       0000
__Htext24                                            text24       0000
__Htext25                                            text25       0000
__Htext26                                            text26       0000
__Htext27                                            text27       0000
__Htext28                                            text28       0000
__Htext29                                            text29       0000
__Htext3                                             text3        0000
__Htext30                                            text30       0000
__Htext31                                            text31       0000
__Htext32                                            text32       0000
__Htext33                                            text33       0000
__Htext34                                            text34       0000
__Htext35                                            text35       0000
__Htext36                                            text36       0000
__Htext37                                            text37       0000
__Htext38                                            text38       0000
__Htext39                                            text39       0000
__Htext4                                             text4        0000
__Htext40                                            text40       0000
__Htext41                                            text41       0000
__Htext42                                            text42       0000
__Htext43                                            text43       0000
__Htext44                                            text44       0000
__Htext45                                            text45       0000
__Htext46                                            text46       0000
__Htext47                                            text47       0000
__Htext48                                            text48       0000
__Htext49                                            text49       0000
__Htext5                                             text5        0000
__Htext50                                            text50       0000
__Htext51                                            text51       0000
__Htext52                                            text52       0000
__Htext53                                            text53       0000
__Htext54                                            text54       0000
__Htext55                                            text55       0000
__Htext56                                            text56       0000
__Htext57                                            text57       0000
__Htext58                                            text58       0000
__Htext59                                            text59       0000
__Htext6                                             text6        0000
__Htext60                                            text60       0000
__Htext61                                            text61       0000
__Htext62                                            text62       0000
__Htext63                                            text63       0000
__Htext64                                            text64       0000
__Htext65                                            text65       0000
__Htext66                                            text66       0000
__Htext67                                            text67       0000
__Htext68                                            text68       0000
__Htext69                                            text69       0000
__Htext7                                             text7        0000
__Htext70                                            text70       0000
__Htext71                                            text71       0000
__Htext72                                            text72       0000
__Htext73                                            text73       0000
__Htext74                                            text74       0000
__Htext75                                            text75       0000
__Htext76                                            text76       0000
__Htext77                                            text77       0000
__Htext78                                            text78       0000
__Htext79                                            text79       0000
__Htext8                                             text8        0000
__Htext80                                            text80       0000
__Htext81                                            text81       0000
__Htext82                                            text82       0000
__Htext84                                            text84       0000
__Htext85                                            text85       0000
__Htext86                                            text86       0000
__Htext87                                            text87       0000
__Htext88                                            text88       0000
__Htext89                                            text89       0000
__Htext9                                             text9        0000
__Htext90                                            text90       0000
__Htext91                                            text91       0000
__Htext92                                            text92       0000
__Htext93                                            text93       0000
__Htext94                                            text94       0000
__Htext95                                            text95       0000
__Htext96                                            text96       0000
__Htext97                                            text97       0000
__Htext98                                            text98       0000
__Htext99                                            text99       0000
__LRAM                                               (abs)        0001
__L__absolute__                                      __absolute__ 0000
__Labs1                                              abs1         0000
__Lbank0                                             bank0        0000
__Lbank1                                             bank1        0000
__Lbank10                                            bank10       0000
__Lbank11                                            bank11       0000
__Lbank12                                            bank12       0000
__Lbank13                                            bank13       0000
__Lbank14                                            bank14       0000
__Lbank15                                            bank15       0000
__Lbank2                                             bank2        0000
__Lbank3                                             bank3        0000
__Lbank4                                             bank4        0000
__Lbank5                                             bank5        0000
__Lbank6                                             bank6        0000
__Lbank7                                             bank7        0000
__Lbank8                                             bank8        0000
__Lbank9                                             bank9        0000
__Lbigbss                                            bigbss       0000
__Lbigdata                                           bigdata      0000
__Lbigram                                            bigram       0000
__Lbigsfr                                            bigsfr       0000
__Lbss                                               bss          0000
__LbssBANK0                                          bssBANK0     0000
__LbssBANK1                                          bssBANK1     0000
__LbssCOMRAM                                         bssCOMRAM    0000
__Lcinit                                             cinit        0000
__Lclrtext                                           clrtext      0000
__Lcomram                                            comram       0000
__Lconfig                                            config       0000
__Lconst                                             const        0000
__LcstackBANK0                                       cstackBANK0  0000
__LcstackBANK1                                       cstackBANK1  0000
__LcstackCOMRAM                                      cstackCOMRAM 0000
__Ldata                                              data         0000
__LdataBANK0                                         dataBANK0    0000
__LdataBANK1                                         dataBANK1    0000
__LdataCOMRAM                                        dataCOMRAM   0000
__Leeprom_data                                       eeprom_data  0000
__Lfarbss                                            farbss       0000
__Lfardata                                           fardata      0000
__Lheap                                              heap         0000
__Libigdata                                          ibigdata     0000
__Lidata                                             idata        0000
__LidataBANK0                                        idataBANK0   0000
__LidataBANK1                                        idataBANK1   0000
__LidataCOMRAM                                       idataCOMRAM  0000
__Lidloc                                             idloc        0000
__Lifardata                                          ifardata     0000
__Linit                                              init         000E
__Lintcode                                           intcode      0008
__Lintcode_body                                      intcode_body 0000
__Lintcodelo                                         intcodelo    000E
__Lintentry                                          intentry     0000
__Lintret                                            intret       0000
__Lintsave_regs                                      intsave_regs 0000
__Lirdata                                            irdata       0000
__Lmediumconst                                       mediumconst  0000
__LnvFARRAM                                          nvFARRAM     0000
__Lnvbit                                             nvbit        0000
__Lnvrram                                            nvrram       0000
__Lparam                                             rparam       0000
__Lpowerup                                           powerup      000E
__Lram                                               ram          0000
__Lramtop                                            ramtop       1000
__Lrbit                                              rbit         0000
__Lrbss                                              rbss         0000
__Lrdata                                             rdata        0000
__Lreset_vec                                         reset_vec    0000
__Lrparam                                            rparam       0000
__Lsfr                                               sfr          0000
__Lsivt_hi                                           sivt_hi      0000
__Lsivt_lo                                           sivt_lo      0000
__Lsmallconst                                        smallconst   1000
__Lspace_0                                           (abs)        0000
__Lspace_1                                           (abs)        0000
__Lspace_2                                           (abs)        0000
__Lspace_4                                           (abs)        0000
__Lstack                                             stack        0000
__Lstruct                                            struct       0000
__Ltemp                                              temp         007C
__Ltext                                              text         0000
__Ltext0                                             text0        0000
__Ltext1                                             text1        0000
__Ltext10                                            text10       0000
__Ltext100                                           text100      0000
__Ltext101                                           text101      0000
__Ltext102                                           text102      0000
__Ltext103                                           text103      0000
__Ltext11                                            text11       0000
__Ltext12                                            text12       0000
__Ltext13                                            text13       0000
__Ltext14                                            text14       0000
__Ltext15                                            text15       0000
__Ltext16                                            text16       0000
__Ltext17                                            text17       0000
__Ltext18                                            text18       0000
__Ltext19                                            text19       0000
__Ltext2                                             text2        0000
__Ltext20                                            text20       0000
__Ltext21                                            text21       0000
__Ltext22                                            text22       0000
__Ltext23                                            text23       0000
__Ltext24                                            text24       0000
__Ltext25                                            text25       0000
__Ltext26                                            text26       0000
__Ltext27                                            text27       0000
__Ltext28                                            text28       0000
__Ltext29                                            text29       0000
__Ltext3                                             text3        0000
__Ltext30                                            text30       0000
__Ltext31                                            text31       0000
__Ltext32                                            text32       0000
__Ltext33                                            text33       0000
__Ltext34                                            text34       0000
__Ltext35                                            text35       0000
__Ltext36                                            text36       0000
__Ltext37                                            text37       0000
__Ltext38                                            text38       0000
__Ltext39                                            text39       0000
__Ltext4                                             text4        0000
__Ltext40                                            text40       0000
__Ltext41                                            text41       0000
__Ltext42                                            text42       0000
__Ltext43                                            text43       0000
__Ltext44                                            text44       0000
__Ltext45                                            text45       0000
__Ltext46                                            text46       0000
__Ltext47                                            text47       0000
__Ltext48                                            text48       0000
__Ltext49                                            text49       0000
__Ltext5                                             text5        0000
__Ltext50                                            text50       0000
__Ltext51                                            text51       0000
__Ltext52                                            text52       0000
__Ltext53                                            text53       0000
__Ltext54                                            text54       0000
__Ltext55                                            text55       0000
__Ltext56                                            text56       0000
__Ltext57                                            text57       0000
__Ltext58                                            text58       0000
__Ltext59                                            text59       0000
__Ltext6                                             text6        0000
__Ltext60                                            text60       0000
__Ltext61                                            text61       0000
__Ltext62                                            text62       0000
__Ltext63                                            text63       0000
__Ltext64                                            text64       0000
__Ltext65                                            text65       0000
__Ltext66                                            text66       0000
__Ltext67                                            text67       0000
__Ltext68                                            text68       0000
__Ltext69                                            text69       0000
__Ltext7                                             text7        0000
__Ltext70                                            text70       0000
__Ltext71                                            text71       0000
__Ltext72                                            text72       0000
__Ltext73                                            text73       0000
__Ltext74                                            text74       0000
__Ltext75                                            text75       0000
__Ltext76                                            text76       0000
__Ltext77                                            text77       0000
__Ltext78                                            text78       0000
__Ltext79                                            text79       0000
__Ltext8                                             text8        0000
__Ltext80                                            text80       0000
__Ltext81                                            text81       0000
__Ltext82                                            text82       0000
__Ltext84                                            text84       0000
__Ltext85                                            text85       0000
__Ltext86                                            text86       0000
__Ltext87                                            text87       0000
__Ltext88                                            text88       0000
__Ltext89                                            text89       0000
__Ltext9                                             text9        0000
__Ltext90                                            text90       0000
__Ltext91                                            text91       0000
__Ltext92                                            text92       0000
__Ltext93                                            text93       0000
__Ltext94                                            text94       0000
__Ltext95                                            text95       0000
__Ltext96                                            text96       0000
__Ltext97                                            text97       0000
__Ltext98                                            text98       0000
__Ltext99                                            text99       0000
__S0                                                 (abs)        513C
__S1                                                 (abs)        0160
__S4                                                 (abs)        0000
__S5                                                 (abs)        0000
___fladd                                             text46       1092
___fladd@a                                           cstackCOMRAM 0048
___fladd@aexp                                        cstackCOMRAM 0051
___fladd@b                                           cstackCOMRAM 0044
___fladd@bexp                                        cstackCOMRAM 0052
___fladd@grs                                         cstackCOMRAM 0053
___fladd@signs                                       cstackCOMRAM 0050
___fldiv                                             text59       1D72
___fldiv@a                                           cstackCOMRAM 002F
___fldiv@aexp                                        cstackCOMRAM 0043
___fldiv@b                                           cstackCOMRAM 002B
___fldiv@bexp                                        cstackCOMRAM 0042
___fldiv@grs                                         cstackCOMRAM 003E
___fldiv@new_exp                                     cstackCOMRAM 003C
___fldiv@rem                                         cstackCOMRAM 0037
___fldiv@sign                                        cstackCOMRAM 003B
___flmul                                             text58       1552
___flmul@a                                           cstackCOMRAM 0016
___flmul@aexp                                        cstackCOMRAM 001F
___flmul@b                                           cstackCOMRAM 0012
___flmul@bexp                                        cstackCOMRAM 0024
___flmul@grs                                         cstackCOMRAM 0020
___flmul@prod                                        cstackCOMRAM 0025
___flmul@sign                                        cstackCOMRAM 001E
___flmul@temp                                        cstackCOMRAM 0029
___fltol                                             text57       337E
___fltol@exp1                                        cstackCOMRAM 005D
___fltol@f1                                          cstackCOMRAM 0054
___fltol@sign1                                       cstackCOMRAM 005C
___heap_hi                                           (abs)        0000
___heap_lo                                           (abs)        0000
___inthi_sp                                          stack        0000
___inthi_stack_hi                                    stack        0000
___inthi_stack_lo                                    stack        0000
___intlo_sp                                          stack        0000
___intlo_stack_hi                                    stack        0000
___intlo_stack_lo                                    stack        0000
___param_bank                                        (abs)        0000
___rparam_used                                       (abs)        0001
___sp                                                stack        0000
___stack_hi                                          stack        0000
___stack_lo                                          stack        0000
___wmul                                              text8        4EE0
___wmul@multiplicand                                 cstackCOMRAM 0006
___wmul@multiplier                                   cstackCOMRAM 0004
___wmul@product                                      cstackCOMRAM 0008
___xxtofl                                            text56       210C
___xxtofl@arg                                        cstackCOMRAM 000E
___xxtofl@exp                                        cstackCOMRAM 000D
___xxtofl@sign                                       cstackCOMRAM 000C
___xxtofl@val                                        cstackCOMRAM 0004
__accesstop                                          (abs)        0080
__activetblptr                                       (abs)        0003
__end_of_ADC_GetConversionResult                     text82       3AF6
__end_of_ADC_ISR                                     text103      5136
__end_of_ADC_Init                                    text48       3A38
__end_of_ADC_SelectChannel                           text80       4DAA
__end_of_ADC_StartConversion                         text79       4F76
__end_of_ADC_StartConversion_Interrupt               text78       4C76
__end_of_ADC_application                             text77       4F98
__end_of_BUS_COLLISION_ISR                           text102      513C
__end_of_CCP1_CALL                                   text42       3DAA
__end_of_CCP1_ISR                                    text101      5132
__end_of_CCP1_Interrupt                              text47       4FF4
__end_of_CCP1_PWM_Mode                               text45       25E8
__end_of_CCP1_PWM_Set_Duty                           text55       337E
__end_of_CCP1_PWM_Start                              text54       50FC
__end_of_CCP2_CALL                                   text39       3D04
__end_of_CCP2_ISR                                    text100      512E
__end_of_CCP2_Interrupt                              text41       4FD6
__end_of_CCP2_PWM_Mode                               text40       2454
__end_of_CCP_Init                                    text38       474C
__end_of_Delay_1000ms                                text15       50AE
__end_of_Delay_100ms                                 text69       50C6
__end_of_EUSART_RX_ISR                               text99       513A
__end_of_EUSART_TX_ISR                               text98       512A
__end_of_I2C_DS1307_read                             text70       4020
__end_of_I2C_Real_Temperature_Read_TC74              text68       44EC
__end_of_I2C_Real_Time_Read_DS1307                   text71       456A
__end_of_I2C_TC74_read                               text67       5012
__end_of_I2C_transfer_data                           text65       3EEE
__end_of_INT0_ISR                                    text97       5126
__end_of_INT1_ISR                                    text96       5122
__end_of_INT2_ISR                                    text95       511E
__end_of_InterruptManger                             intcode_body 1D72
__end_of_MSSP_I2C_GPIO_CFG                           text37       511A
__end_of_MSSP_I2C_Init                               text35       3F8E
__end_of_MSSP_I2C_Master_Read_Blocking               text76       4368
__end_of_MSSP_I2C_Master_Send_Repeated_Start         text75       4EE0
__end_of_MSSP_I2C_Master_Send_Start                  text74       4D36
__end_of_MSSP_I2C_Master_Send_Stop                   text73       4CF6
__end_of_MSSP_I2C_Master_Write_Blocking              text72       4AC4
__end_of_MSSP_I2C_Master_call_slave                  text66       4EB8
__end_of_MSSP_I2C_SELECT_MODE                        text36       2F32
__end_of_MSSP_ISR                                    text94       5138
__end_of_PASSWORD                                    smallconst   1016
__end_of_PIR_sensor_s                                text60       4C32
[...]
_led_turn_on_initialize                              text61       474C
_locker                                              dataBANK0    00FA
_locker_on                                           text13       50D4
_locker_reverse                                      text10       50C6
_main                                                text0        4C76
_on_keypad                                           dataBANK0    00F7
_on_keypad_indoor                                    dataBANK0    00F4
_passowrd_counter                                    bssCOMRAM    006B
_passowrd_counter_indoor                             bssCOMRAM    006A
_password                                            bssCOMRAM    0071
_password__keypad_read                               bssCOMRAM    0072
_password__keypad_read_indoor                        bssCOMRAM    006F
_password_clear_counter                              bssBANK0     00BF
_password_clear_counter_indoor                       bssBANK0     00BD
_password_indoor                                     bssCOMRAM    006E
_password_keypad                                     dataBANK1    0136
_password_locker                                     dataBANK0    00E2
_password_locker_indoor                              dataBANK0    00E1
_password_logic_b                                    bssCOMRAM    0070
_password_logic_indoor_b                             bssCOMRAM    006D
_password_match                                      bssBANK0     0084
_password_match_indoor                               bssBANK0     0082
_password_read                                       text1        28CC
_password_try                                        bssBANK0     00BE
_password_try_indoor                                 bssBANK0     00BC
_port_registers                                      dataBANK1    0100
_preload_timer2                                      bssCOMRAM    006C
_preload_value                                       bssBANK0     0090
_select_result_format                                text49       4BAA
_speaker                                             dataCOMRAM   007A
_timer0                                              dataBANK1    012E
_timer0_preload                                      bssBANK0     009A
_timer1                                              dataBANK1    0145
_timer1_mode_select                                  text30       4838
_timer_preload                                       bssBANK0     0098
_timer_pwm                                           bssBANK1     0152
_transfer                                            bssBANK0     00C1
_tris_registers                                      dataBANK1    0114
_user_input                                          bssBANK1     0158
adc_input_channel_port_configure@channel             cstackCOMRAM 0006
atoi@n                                               cstackCOMRAM 000F
atoi@neg                                             cstackCOMRAM 000E
atoi@s                                               cstackCOMRAM 000A
btemp                                                temp         007C
button_intialized@BUTTON                             cstackCOMRAM 000D
button_read_intialized@BUTTON                        cstackCOMRAM 000D
button_read_intialized@PIN_LOGIC_STATUS              cstackCOMRAM 0011
button_read_intialized@button_read                   cstackCOMRAM 000E
button_read_intialized@ret                           cstackCOMRAM 0010
configure_voltage_reference@_adc                     cstackCOMRAM 0004
convert_string_to_byte@ret                           cstackCOMRAM 0013
convert_string_to_byte@str                           cstackCOMRAM 0011
convert_string_to_byte@temp_value                    cstackCOMRAM 0014
convert_string_to_byte@value                         cstackCOMRAM 0012
correct_incorrect_password@ret                       cstackCOMRAM 0021
correct_incorrect_password_indoor@ret                cstackCOMRAM 0021
dc_motor_initialized@F3060                           bssBANK0     00D0
dc_motor_initialized@F3062                           bssBANK0     00CF
dc_motor_initialized@dc_motor                        cstackCOMRAM 0012
dc_motor_initialized@motor_1                         cstackCOMRAM 0014
dc_motor_initialized@motor_2                         cstackCOMRAM 0015
dc_motor_move_left@F3074                             bssBANK0     00CC
dc_motor_move_left@F3076                             bssBANK0     00CB
dc_motor_move_left@dc_motor                          cstackCOMRAM 000E
dc_motor_move_left@motor_1                           cstackCOMRAM 0010
dc_motor_move_left@motor_2                           cstackCOMRAM 0011
dc_motor_move_right@F3067                            bssBANK0     00CE
dc_motor_move_right@F3069                            bssBANK0     00CD
dc_motor_move_right@dc_motor                         cstackCOMRAM 000E
dc_motor_move_right@motor_1                          cstackCOMRAM 0010
dc_motor_move_right@motor_2                          cstackCOMRAM 0011
dc_motor_stop@F3081                                  bssBANK0     00CA
dc_motor_stop@F3083                                  bssBANK0     00C9
dc_motor_stop@dc_motor                               cstackCOMRAM 000E
dc_motor_stop@motor_1                                cstackCOMRAM 0010
dc_motor_stop@motor_2                                cstackCOMRAM 0011
end_of_initialization                                cinit        40A4
gpio_pin_direction_intialize@_pin_config             cstackCOMRAM 0004
gpio_pin_direction_intialize@ret                     cstackCOMRAM 000C
gpio_pin_intialize@_pin_config                       cstackCOMRAM 000E
gpio_pin_intialize@ret                               cstackCOMRAM 0011
gpio_pin_read_logic@_pin_config                      cstackCOMRAM 0004
gpio_pin_read_logic@logic                            cstackCOMRAM 0006
gpio_pin_read_logic@ret                              cstackCOMRAM 000C
gpio_pin_write_logic@_pin_config                     cstackCOMRAM 0004
gpio_pin_write_logic@logic                           cstackCOMRAM 0006
gpio_pin_write_logic@ret                             cstackCOMRAM 000D
int$flags                                            temp         007C
int_func                                             intcode_body 197C
intlevel0                                            text         0000
intlevel1                                            text         0000
intlevel2                                            text         0000
intlevel3                                            text         0000
isa$std                                              (abs)        0001
isa$xinst                                            (abs)        0000
keypad_get_value@col_logic                           cstackCOMRAM 0014
keypad_get_value@count_col                           cstackCOMRAM 0017
keypad_get_value@count_row                           cstackCOMRAM 0016
keypad_get_value@count_row_cpy                       cstackCOMRAM 0015
keypad_get_value@keypad_obj                          cstackCOMRAM 000E
keypad_get_value@ret                                 cstackCOMRAM 0013
keypad_get_value@value                               cstackCOMRAM 0010
keypad_initialize@count_col                          cstackCOMRAM 0018
keypad_initialize@count_row                          cstackCOMRAM 0017
keypad_initialize@keypad_obj                         cstackCOMRAM 0012
keypad_initialize@ret                                cstackCOMRAM 0016
lcd_8bit_initialized@counter                         cstackCOMRAM 001A
lcd_8bit_initialized@lcd                             cstackCOMRAM 0018
lcd_8bit_initialized@ret                             cstackCOMRAM 001C
lcd_8bit_send_char_data@counter                      cstackCOMRAM 0016
lcd_8bit_send_char_data@data                         cstackCOMRAM 0012
lcd_8bit_send_char_data@lcd                          cstackCOMRAM 0011
lcd_8bit_send_char_data_pos@column                   cstackCOMRAM 001E
lcd_8bit_send_char_data_pos@data                     cstackCOMRAM 001F
lcd_8bit_send_char_data_pos@lcd                      cstackCOMRAM 001C
lcd_8bit_send_char_data_pos@ret                      cstackCOMRAM 0020
lcd_8bit_send_char_data_pos@row                      cstackCOMRAM 001D
lcd_8bit_send_command@command                        cstackCOMRAM 0012
lcd_8bit_send_command@counter                        cstackCOMRAM 0017
lcd_8bit_send_command@lcd                            cstackCOMRAM 0011
lcd_8bit_send_command@ret                            cstackCOMRAM 0016
lcd_8bit_send_string_pos@column                      cstackCOMRAM 001E
lcd_8bit_send_string_pos@lcd                         cstackCOMRAM 001C
lcd_8bit_send_string_pos@row                         cstackCOMRAM 001D
lcd_8bit_send_string_pos@str                         cstackCOMRAM 001F
lcd_8bits_send_enable@lcd                            cstackCOMRAM 000E
lcd_8bits_send_enable@ret                            cstackCOMRAM 0010
lcd_8bits_set_cursor@col                             cstackCOMRAM 001A
lcd_8bits_set_cursor@lcd                             cstackCOMRAM 0018
lcd_8bits_set_cursor@ret                             cstackCOMRAM 001B
lcd_8bits_set_cursor@row                             cstackCOMRAM 0019
led_initialize@F3118                                 bssBANK0     00C8
led_initialize@led                                   cstackCOMRAM 0012
led_initialize@pin_obj                               cstackCOMRAM 0015
led_initialize@ret                                   cstackCOMRAM 0014
led_turn_off_initialize@F3128                        bssBANK0     00C6
led_turn_off_initialize@led                          cstackCOMRAM 000E
led_turn_off_initialize@pin_obj                      cstackCOMRAM 0011
led_turn_off_initialize@ret                          cstackCOMRAM 0010
led_turn_on_initialize@F3123                         bssBANK0     00C7
led_turn_on_initialize@led                           cstackCOMRAM 000E
led_turn_on_initialize@pin_obj                       cstackCOMRAM 0011
led_turn_on_initialize@ret                           cstackCOMRAM 0010
led_turn_toggle_initialize@F3133                     bssBANK0     00C5
relay_initialized@F3055                              bssBANK0     00C4
relay_turn_off@F3065                                 bssBANK0     00C2
relay_turn_on@F3060                                  bssBANK0     00C3
select_result_format@_adc                            cstackCOMRAM 0004
stackhi                                              (abs)        0000
stacklo                                              (abs)        0000
start                                                init         000E
start_initialization                                 cinit        4020
timer1_mode_select@timer                             cstackCOMRAM 0004
ttemp5                                               temp         007D
ttemp6                                               temp         0080
ttemp7                                               temp         0084
wtemp8                                               temp         007D


MODULE INFORMATION

Module		Function		Class		Link	Load	Size
C:\Program Files\Microchip\xc8\v2.46\pic\sources\c99\common\fltol.c
		___fltol       		CODE           	337E	0000	262

C:\Program Files\Microchip\xc8\v2.46\pic\sources\c99\common\fltol.c estimated size: 262

MCAL_layer/interrupts/manager_interrupts.c
		_InterruptManger		CODE           	0008	0000	1020

MCAL_layer/interrupts/manager_interrupts.c estimated size: 1020

MCAL_layer/interrupts/external_interrupts.c
		_RB4_ISR       		CODE           	507C	0000	26
		_RB5_ISR       		CODE           	5062	0000	26
		_RB6_ISR       		CODE           	5048	0000	26
		_RB7_ISR       		CODE           	502E	0000	26
		_INT0_ISR      		CODE           	5122	0000	4
		_INT1_ISR      		CODE           	511E	0000	4
		_INT2_ISR      		CODE           	511A	0000	4

MCAL_layer/interrupts/external_interrupts.c estimated size: 116

MCAL_layer/GPIO/hal_gpio.c
		_gpio_pin_write_logic		CODE           	2F32	0000	300
		_gpio_pin_intialize		CODE           	49FE	0000	102
		_gpio_pin_read_logic		CODE           	3BAA	0000	180
		_gpio_pin_direction_intialize		CODE           	2CD4	0000	304

MCAL_layer/GPIO/hal_gpio.c estimated size: 886

MCAL_layer/CCP1/hal_ccp1.c
		_CCP1_PWM_Set_Duty		CODE           	3276	0000	264
		_CCP2_CALL     		CODE           	3C5E	0000	166
		_CCP1_Interrupt		CODE           	4FD6	0000	30
		_CCP2_Interrupt		CODE           	4FB8	0000	30
		_CCP1_ISR      		CODE           	512E	0000	4
		_CCP_Init      		CODE           	46D6	0000	118
		_CCP2_ISR      		CODE           	512A	0000	4
		_CCP1_PWM_Mode 		CODE           	2454	0000	404
		_CCP2_PWM_Mode 		CODE           	22C0	0000	404
		_CCP1_PWM_Start		CODE           	50F0	0000	12
		_CCP1_CALL     		CODE           	3D04	0000	166

MCAL_layer/CCP1/hal_ccp1.c estimated size: 1602

ECU_layer/button/ecu_button.c
		_button_intialized		CODE           	4F98	0000	32
		_button_read_intialized		CODE           	3AF6	0000	180

ECU_layer/button/ecu_button.c estimated size: 212

C:\Program Files\Microchip\xc8\v2.46\pic\sources\c99\common\xxtofl.c
		___xxtofl      		CODE           	210C	0000	436

C:\Program Files\Microchip\xc8\v2.46\pic\sources\c99\common\xxtofl.c estimated size: 436

MCAL_layer/Timer0/Mcal_timer0.c
		_Timer0_Init   		CODE           	40AE	0000	142
		_Timer0_prescaler_config		CODE           	4AC4	0000	80
		_Timer0_mode_config		CODE           	4990	0000	110
		_Timer0_size_config		CODE           	4E50	0000	54
		_TMR0_ISR      		CODE           	4DE2	0000	56

MCAL_layer/Timer0/Mcal_timer0.c estimated size: 442

C:\Program Files\Microchip\xc8\v2.46\pic\sources\c99\common\sprcmul.c
		___flmul       		CODE           	1552	0000	1066

C:\Program Files\Microchip\xc8\v2.46\pic\sources\c99\common\sprcmul.c estimated size: 1066

MCAL_layer/I2C/hal_i2c.c
		_BUS_COLLISION_ISR		CODE           	513A	0000	2
		_MSSP_I2C_Master_Send_Repeated_Start		CODE           	4EB8	0000	40
		_MSSP_I2C_Init 		CODE           	3EEE	0000	160
		_MSSP_I2C_Master_Send_Stop		CODE           	4CB6	0000	64
		_MSSP_I2C_Master_Send_Start		CODE           	4CF6	0000	64
		_MSSP_I2C_SELECT_MODE		CODE           	2E04	0000	302
		_MSSP_I2C_Master_call_slave		CODE           	4E86	0000	50
		_MSSP_I2C_Master_Read_Blocking		CODE           	42E0	0000	136
		_MSSP_I2C_GPIO_CFG		CODE           	5114	0000	6
		_MSSP_ISR      		CODE           	5136	0000	2
		_MSSP_I2C_Master_Write_Blocking		CODE           	4A64	0000	96

MCAL_layer/I2C/hal_i2c.c estimated size: 922

C:\Program Files\Microchip\xc8\v2.46\pic\sources\c99\common\sprcdiv.c
		___fldiv       		CODE           	1D72	0000	922

C:\Program Files\Microchip\xc8\v2.46\pic\sources\c99\common\sprcdiv.c estimated size: 922

C:\Program Files\Microchip\xc8\v2.46\pic\sources\c99\common\atoi.c
		_atoi          		CODE           	305E	0000	272

C:\Program Files\Microchip\xc8\v2.46\pic\sources\c99\common\atoi.c estimated size: 272

ECU_layer/DS1307/ecu_DS1307.c
		_I2C_Real_Time_Read_DS1307		CODE           	44EC	0000	126

ECU_layer/DS1307/ecu_DS1307.c estimated size: 126

ECU_layer/TC74/ecu_TC74.c
		_I2C_Real_Temperature_Read_TC74		CODE           	446E	0000	126

ECU_layer/TC74/ecu_TC74.c estimated size: 126

MCAL_layer/USART/mcal_usart.c
		_EUSART_RX_ISR 		CODE           	5138	0000	2
		_EUSART_TX_ISR 		CODE           	5126	0000	4

MCAL_layer/USART/mcal_usart.c estimated size: 6

ECU_layer/keypad/ecu__keypad.c
		_keypad_get_value		CODE           	3484	0000	236
		_keypad_initialize		CODE           	456A	0000	124

ECU_layer/keypad/ecu__keypad.c estimated size: 360

MCAL_layer/Timer3/hal_timer3.c
		_TMR3_ISR      		CODE           	50E2	0000	14

MCAL_layer/Timer3/hal_timer3.c estimated size: 14

MCAL_layer/Timer2/hal_timer2.c
		_TMR2_ISR      		CODE           	50FC	0000	8
		_Timer2_Init   		CODE           	4254	0000	140
		_Timer2_DeInit 		CODE           	4F06	0000	38

MCAL_layer/Timer2/hal_timer2.c estimated size: 186

MCAL_layer/ADC/hal_adc.c
		_ADC_StartConversion_Interrupt		CODE           	4C32	0000	68
		_adc_input_channel_port_configure		CODE           	3570	0000	216
		_ADC_GetConversionResult		CODE           	3A38	0000	190
		_configure_voltage_reference		CODE           	4B60	0000	74
		_ADC_StartConversion		CODE           	4F52	0000	36
		_ADC_ISR       		CODE           	5132	0000	4
		_ADC_SelectChannel		CODE           	4D70	0000	58
		_ADC_Init      		CODE           	3978	0000	192
		_select_result_format		CODE           	4BAA	0000	68

MCAL_layer/ADC/hal_adc.c estimated size: 906

shared
		_btn_values    		SMALLCONST     	1001	0000	16
		__initialization		CODE           	4020	0000	132
		_PASSWORD      		SMALLCONST     	1011	0000	5

shared estimated size: 153

C:\Program Files\Microchip\xc8\v2.46\pic\sources\c99\common\Umul16.c
		___wmul        		CODE           	4EE0	0000	38

C:\Program Files\Microchip\xc8\v2.46\pic\sources\c99\common\Umul16.c estimated size: 38

ECU_layer/LED/ecu_led.c
		_led_turn_off_initialize		CODE           	47C2	0000	118
		_led_initialize		CODE           	491E	0000	114
		_led_turn_on_initialize		CODE           	474C	0000	118

ECU_layer/LED/ecu_led.c estimated size: 350

C:\Program Files\Microchip\xc8\v2.46\pic\sources\c99\common\sprcadd.c
		___fladd       		CODE           	1092	0000	1216

C:\Program Files\Microchip\xc8\v2.46\pic\sources\c99\common\sprcadd.c estimated size: 1216

ECU_layer/LCD_NEW/ecu_lcd_new_.c
		_lcd_8bit_send_char_data_pos		CODE           	4E1A	0000	54
		_lcd_8bit_initialized		CODE           	316E	0000	264
		_lcd_8bits_send_enable		CODE           	4D36	0000	58
		_lcd_8bits_set_cursor		CODE           	4368	0000	132
		_lcd_8bit_send_command		CODE           	465E	0000	120
		_lcd_8bit_send_string_pos		CODE           	413C	0000	140
		_lcd_8bit_send_char_data		CODE           	45E6	0000	120

ECU_layer/LCD_NEW/ecu_lcd_new_.c estimated size: 888

MCAL_layer/Timer1/hal_timer1.c
		_timer1_mode_select		CODE           	4838	0000	116
		_Timer1_Init   		CODE           	3DAA	0000	162
		_TMR1_ISR      		CODE           	4DAA	0000	56

MCAL_layer/Timer1/hal_timer1.c estimated size: 334

ECU_layer/motor_dc/ecu_motor_dc.c
		_dc_motor_stop 		CODE           	37E4	0000	206
		_dc_motor_move_right		CODE           	3716	0000	206
		_dc_motor_move_left		CODE           	3648	0000	206
		_dc_motor_initialized		CODE           	38B2	0000	198

ECU_layer/motor_dc/ecu_motor_dc.c estimated size: 816

application.c
		_Timer1_DefaultInterruptHandler_100ms		CODE           	5104	0000	8
		_locker_on     		CODE           	50D4	0000	14
		_I2C_transfer_data		CODE           	3E4C	0000	162
		_ADC_application		CODE           	4F76	0000	34
		_Delay_100ms   		CODE           	50AE	0000	24
		_Delay_1000ms  		CODE           	5096	0000	24
		_correct_incorrect_password		CODE           	275A	0000	370
		_main          		CODE           	4C76	0000	64
		_locker_reverse		CODE           	50C6	0000	14
		_Timer0_DefaultInterruptHandler_1000ms		CODE           	4F2C	0000	38
		_detect_the_password_indoor		CODE           	2A2E	0000	350
		_password_read 		CODE           	28CC	0000	354
		_I2C_TC74_read 		CODE           	4FF4	0000	30
		_detect_the_password		CODE           	2B8C	0000	328
		_PIR_sensor_s  		CODE           	4BEE	0000	68
		_I2C_DS1307_read		CODE           	3F8E	0000	146
		_convert_string_to_byte		CODE           	48AC	0000	114
		_application   		CODE           	41C8	0000	140
		_correct_incorrect_password_indoor		CODE           	25E8	0000	370
		_PWM_LED_OUT   		CODE           	43EC	0000	130

application.c estimated size: 2782

